src/context/data-context.tsx(102,26): error TS17008: JSX element 'T' has no corresponding closing tag.
src/context/data-context.tsx(102,47): error TS1382: Unexpected token. Did you mean `{'>'}` or `&gt;`?
src/context/data-context.tsx(102,80): error TS1382: Unexpected token. Did you mean `{'>'}` or `&gt;`?
src/context/data-context.tsx(104,3): error TS1109: Expression expected.
src/context/data-context.tsx(105,5): error TS1109: Expression expected.
src/context/data-context.tsx(106,3): error TS1381: Unexpected token. Did you mean `{'}'}` or `&rbrace;`?
src/context/data-context.tsx(108,1): error TS1381: Unexpected token. Did you mean `{'}'}` or `&rbrace;`?
src/context/data-context.tsx(113,51): error TS1003: Identifier expected.
src/context/data-context.tsx(113,57): error TS1382: Unexpected token. Did you mean `{'>'}` or `&gt;`?
src/context/data-context.tsx(120,3): error TS1109: Expression expected.
src/context/data-context.tsx(122,5): error TS1109: Expression expected.
src/context/data-context.tsx(123,3): error TS1381: Unexpected token. Did you mean `{'}'}` or `&rbrace;`?
src/context/data-context.tsx(125,1): error TS1381: Unexpected token. Did you mean `{'}'}` or `&rbrace;`?
src/context/data-context.tsx(131,54): error TS1005: '}' expected.
src/context/data-context.tsx(131,72): error TS1381: Unexpected token. Did you mean `{'}'}` or `&rbrace;`?
src/context/data-context.tsx(132,3): error TS1109: Expression expected.
src/context/data-context.tsx(132,38): error TS17008: JSX element 'DataState' has no corresponding closing tag.
src/context/data-context.tsx(133,13): error TS1005: '}' expected.
src/context/data-context.tsx(141,3): error TS1381: Unexpected token. Did you mean `{'}'}` or `&rbrace;`?
src/context/data-context.tsx(144,17): error TS1382: Unexpected token. Did you mean `{'>'}` or `&gt;`?
src/context/data-context.tsx(145,5): error TS1109: Expression expected.
src/context/data-context.tsx(145,32): error TS1382: Unexpected token. Did you mean `{'>'}` or `&gt;`?
src/context/data-context.tsx(146,7): error TS1109: Expression expected.
src/context/data-context.tsx(147,9): error TS1109: Expression expected.
src/context/data-context.tsx(166,19): error TS1005: '}' expected.
src/context/data-context.tsx(166,59): error TS1003: Identifier expected.
src/context/data-context.tsx(166,61): error TS1382: Unexpected token. Did you mean `{'>'}` or `&gt;`?
src/context/data-context.tsx(167,65): error TS1003: Identifier expected.
src/context/data-context.tsx(167,67): error TS1382: Unexpected token. Did you mean `{'>'}` or `&gt;`?
src/context/data-context.tsx(168,56): error TS1003: Identifier expected.
src/context/data-context.tsx(168,58): error TS1382: Unexpected token. Did you mean `{'>'}` or `&gt;`?
src/context/data-context.tsx(169,59): error TS1003: Identifier expected.
src/context/data-context.tsx(169,61): error TS1382: Unexpected token. Did you mean `{'>'}` or `&gt;`?
src/context/data-context.tsx(170,72): error TS1003: Identifier expected.
src/context/data-context.tsx(170,74): error TS1382: Unexpected token. Did you mean `{'>'}` or `&gt;`?
src/context/data-context.tsx(171,74): error TS1003: Identifier expected.
src/context/data-context.tsx(171,76): error TS1382: Unexpected token. Did you mean `{'>'}` or `&gt;`?
src/context/data-context.tsx(172,46): error TS17008: JSX element 'AttendanceStats' has no corresponding closing tag.
src/context/data-context.tsx(174,9): error TS1381: Unexpected token. Did you mean `{'}'}` or `&rbrace;`?
src/context/data-context.tsx(175,7): error TS1381: Unexpected token. Did you mean `{'}'}` or `&rbrace;`?
src/context/data-context.tsx(176,52): error TS1005: '}' expected.
src/context/data-context.tsx(177,24): error TS1382: Unexpected token. Did you mean `{'>'}` or `&gt;`?
src/context/data-context.tsx(177,47): error TS1005: '}' expected.
src/context/data-context.tsx(177,55): error TS1381: Unexpected token. Did you mean `{'}'}` or `&rbrace;`?
src/context/data-context.tsx(178,7): error TS1381: Unexpected token. Did you mean `{'}'}` or `&rbrace;`?
src/context/data-context.tsx(179,5): error TS1381: Unexpected token. Did you mean `{'}'}` or `&rbrace;`?
src/context/data-context.tsx(182,3): error TS1381: Unexpected token. Did you mean `{'}'}` or `&rbrace;`?
src/context/data-context.tsx(185,71): error TS1382: Unexpected token. Did you mean `{'>'}` or `&gt;`?
src/context/data-context.tsx(186,5): error TS1109: Expression expected.
src/context/data-context.tsx(187,59): error TS1005: '}' expected.
src/context/data-context.tsx(188,5): error TS1381: Unexpected token. Did you mean `{'}'}` or `&rbrace;`?
src/context/data-context.tsx(189,55): error TS1005: '}' expected.
src/context/data-context.tsx(190,5): error TS1381: Unexpected token. Did you mean `{'}'}` or `&rbrace;`?
src/context/data-context.tsx(191,3): error TS1381: Unexpected token. Did you mean `{'}'}` or `&rbrace;`?
src/context/data-context.tsx(196,66): error TS1003: Identifier expected.
src/context/data-context.tsx(196,86): error TS1382: Unexpected token. Did you mean `{'>'}` or `&gt;`?
src/context/data-context.tsx(196,90): error TS1382: Unexpected token. Did you mean `{'>'}` or `&gt;`?
src/context/data-context.tsx(197,5): error TS1109: Expression expected.
src/context/data-context.tsx(199,9): error TS1005: '}' expected.
src/context/data-context.tsx(201,5): error TS1381: Unexpected token. Did you mean `{'}'}` or `&rbrace;`?
src/context/data-context.tsx(203,20): error TS1382: Unexpected token. Did you mean `{'>'}` or `&gt;`?
src/context/data-context.tsx(203,42): error TS1005: '}' expected.
src/context/data-context.tsx(203,52): error TS1381: Unexpected token. Did you mean `{'}'}` or `&rbrace;`?
src/context/data-context.tsx(205,3): error TS1381: Unexpected token. Did you mean `{'}'}` or `&rbrace;`?
src/context/data-context.tsx(207,70): error TS17008: JSX element 'Student' has no corresponding closing tag.
src/context/data-context.tsx(207,81): error TS1382: Unexpected token. Did you mean `{'>'}` or `&gt;`?
src/context/data-context.tsx(208,5): error TS1109: Expression expected.
src/context/data-context.tsx(208,43): error TS1382: Unexpected token. Did you mean `{'>'}` or `&gt;`?
src/context/data-context.tsx(208,67): error TS1109: Expression expected.
src/context/data-context.tsx(208,75): error TS1381: Unexpected token. Did you mean `{'}'}` or `&rbrace;`?
src/context/data-context.tsx(209,20): error TS1382: Unexpected token. Did you mean `{'>'}` or `&gt;`?
src/context/data-context.tsx(209,42): error TS1005: '}' expected.
src/context/data-context.tsx(209,52): error TS1381: Unexpected token. Did you mean `{'}'}` or `&rbrace;`?
src/context/data-context.tsx(211,3): error TS1381: Unexpected token. Did you mean `{'}'}` or `&rbrace;`?
src/context/data-context.tsx(213,57): error TS1382: Unexpected token. Did you mean `{'>'}` or `&gt;`?
src/context/data-context.tsx(214,5): error TS1109: Expression expected.
src/context/data-context.tsx(214,46): error TS1382: Unexpected token. Did you mean `{'>'}` or `&gt;`?
src/context/data-context.tsx(215,20): error TS1382: Unexpected token. Did you mean `{'>'}` or `&gt;`?
src/context/data-context.tsx(215,42): error TS1005: '}' expected.
src/context/data-context.tsx(215,52): error TS1381: Unexpected token. Did you mean `{'}'}` or `&rbrace;`?
src/context/data-context.tsx(217,3): error TS1381: Unexpected token. Did you mean `{'}'}` or `&rbrace;`?
src/context/data-context.tsx(222,67): error TS1003: Identifier expected.
src/context/data-context.tsx(222,87): error TS1382: Unexpected token. Did you mean `{'>'}` or `&gt;`?
src/context/data-context.tsx(222,91): error TS1382: Unexpected token. Did you mean `{'>'}` or `&gt;`?
src/context/data-context.tsx(223,5): error TS1109: Expression expected.
src/context/data-context.tsx(225,9): error TS1005: '}' expected.
src/context/data-context.tsx(227,5): error TS1381: Unexpected token. Did you mean `{'}'}` or `&rbrace;`?
src/context/data-context.tsx(229,20): error TS1382: Unexpected token. Did you mean `{'>'}` or `&gt;`?
src/context/data-context.tsx(229,44): error TS1005: '}' expected.
src/context/data-context.tsx(229,54): error TS1381: Unexpected token. Did you mean `{'}'}` or `&rbrace;`?
src/context/data-context.tsx(231,3): error TS1381: Unexpected token. Did you mean `{'}'}` or `&rbrace;`?
src/context/data-context.tsx(233,72): error TS17008: JSX element 'Professor' has no corresponding closing tag.
src/context/data-context.tsx(233,85): error TS1382: Unexpected token. Did you mean `{'>'}` or `&gt;`?
src/context/data-context.tsx(234,5): error TS1109: Expression expected.
src/context/data-context.tsx(234,45): error TS1382: Unexpected token. Did you mean `{'>'}` or `&gt;`?
src/context/data-context.tsx(234,69): error TS1109: Expression expected.
src/context/data-context.tsx(234,77): error TS1381: Unexpected token. Did you mean `{'}'}` or `&rbrace;`?
src/context/data-context.tsx(235,20): error TS1382: Unexpected token. Did you mean `{'>'}` or `&gt;`?
src/context/data-context.tsx(235,44): error TS1005: '}' expected.
src/context/data-context.tsx(235,54): error TS1381: Unexpected token. Did you mean `{'}'}` or `&rbrace;`?
src/context/data-context.tsx(237,3): error TS1381: Unexpected token. Did you mean `{'}'}` or `&rbrace;`?
src/context/data-context.tsx(239,59): error TS1382: Unexpected token. Did you mean `{'>'}` or `&gt;`?
src/context/data-context.tsx(240,5): error TS1109: Expression expected.
src/context/data-context.tsx(240,48): error TS1382: Unexpected token. Did you mean `{'>'}` or `&gt;`?
src/context/data-context.tsx(241,20): error TS1382: Unexpected token. Did you mean `{'>'}` or `&gt;`?
src/context/data-context.tsx(241,44): error TS1005: '}' expected.
src/context/data-context.tsx(241,54): error TS1381: Unexpected token. Did you mean `{'}'}` or `&rbrace;`?
src/context/data-context.tsx(243,3): error TS1381: Unexpected token. Did you mean `{'}'}` or `&rbrace;`?
src/context/data-context.tsx(248,63): error TS1003: Identifier expected.
src/context/data-context.tsx(248,69): error TS1382: Unexpected token. Did you mean `{'>'}` or `&gt;`?
src/context/data-context.tsx(248,73): error TS1382: Unexpected token. Did you mean `{'>'}` or `&gt;`?
src/context/data-context.tsx(249,5): error TS1109: Expression expected.
src/context/data-context.tsx(251,9): error TS1005: '}' expected.
src/context/data-context.tsx(252,5): error TS1381: Unexpected token. Did you mean `{'}'}` or `&rbrace;`?
src/context/data-context.tsx(254,20): error TS1382: Unexpected token. Did you mean `{'>'}` or `&gt;`?
src/context/data-context.tsx(254,41): error TS1005: '}' expected.
src/context/data-context.tsx(254,51): error TS1381: Unexpected token. Did you mean `{'}'}` or `&rbrace;`?
src/context/data-context.tsx(256,3): error TS1381: Unexpected token. Did you mean `{'}'}` or `&rbrace;`?
src/context/data-context.tsx(258,69): error TS17008: JSX element 'Module' has no corresponding closing tag.
src/context/data-context.tsx(258,79): error TS1382: Unexpected token. Did you mean `{'>'}` or `&gt;`?
src/context/data-context.tsx(259,5): error TS1109: Expression expected.
src/context/data-context.tsx(259,42): error TS1382: Unexpected token. Did you mean `{'>'}` or `&gt;`?
src/context/data-context.tsx(259,66): error TS1109: Expression expected.
src/context/data-context.tsx(259,74): error TS1381: Unexpected token. Did you mean `{'}'}` or `&rbrace;`?
src/context/data-context.tsx(260,20): error TS1382: Unexpected token. Did you mean `{'>'}` or `&gt;`?
src/context/data-context.tsx(260,41): error TS1005: '}' expected.
src/context/data-context.tsx(260,51): error TS1381: Unexpected token. Did you mean `{'}'}` or `&rbrace;`?
src/context/data-context.tsx(262,3): error TS1381: Unexpected token. Did you mean `{'}'}` or `&rbrace;`?
src/context/data-context.tsx(264,56): error TS1382: Unexpected token. Did you mean `{'>'}` or `&gt;`?
src/context/data-context.tsx(265,5): error TS1109: Expression expected.
src/context/data-context.tsx(265,45): error TS1382: Unexpected token. Did you mean `{'>'}` or `&gt;`?
src/context/data-context.tsx(266,20): error TS1382: Unexpected token. Did you mean `{'>'}` or `&gt;`?
src/context/data-context.tsx(266,41): error TS1005: '}' expected.
src/context/data-context.tsx(266,51): error TS1381: Unexpected token. Did you mean `{'}'}` or `&rbrace;`?
src/context/data-context.tsx(268,3): error TS1381: Unexpected token. Did you mean `{'}'}` or `&rbrace;`?
src/context/data-context.tsx(278,91): error TS17008: JSX element 'Session' has no corresponding closing tag.
src/context/data-context.tsx(278,101): error TS1382: Unexpected token. Did you mean `{'>'}` or `&gt;`?
src/context/data-context.tsx(279,5): error TS1109: Expression expected.
src/context/data-context.tsx(279,42): error TS1382: Unexpected token. Did you mean `{'>'}` or `&gt;`?
src/context/data-context.tsx(284,9): error TS1005: '}' expected.
src/context/data-context.tsx(289,63): error TS1005: '}' expected.
src/context/data-context.tsx(289,94): error TS1381: Unexpected token. Did you mean `{'}'}` or `&rbrace;`?
src/context/data-context.tsx(298,5): error TS1381: Unexpected token. Did you mean `{'}'}` or `&rbrace;`?
src/context/data-context.tsx(301,20): error TS1382: Unexpected token. Did you mean `{'>'}` or `&gt;`?
src/context/data-context.tsx(301,42): error TS1005: '}' expected.
src/context/data-context.tsx(301,52): error TS1381: Unexpected token. Did you mean `{'}'}` or `&rbrace;`?
src/context/data-context.tsx(305,3): error TS1381: Unexpected token. Did you mean `{'}'}` or `&rbrace;`?
src/context/data-context.tsx(310,61): error TS1382: Unexpected token. Did you mean `{'>'}` or `&gt;`?
src/context/data-context.tsx(311,5): error TS1109: Expression expected.
src/context/data-context.tsx(311,43): error TS1382: Unexpected token. Did you mean `{'>'}` or `&gt;`?
src/context/data-context.tsx(315,19): error TS1005: '}' expected.
src/context/data-context.tsx(316,67): error TS1005: '}' expected.
src/context/data-context.tsx(316,98): error TS1381: Unexpected token. Did you mean `{'}'}` or `&rbrace;`?
src/context/data-context.tsx(317,11): error TS1381: Unexpected token. Did you mean `{'}'}` or `&rbrace;`?
src/context/data-context.tsx(320,20): error TS1382: Unexpected token. Did you mean `{'>'}` or `&gt;`?
src/context/data-context.tsx(320,42): error TS1005: '}' expected.
src/context/data-context.tsx(320,52): error TS1381: Unexpected token. Did you mean `{'}'}` or `&rbrace;`?
src/context/data-context.tsx(322,3): error TS1381: Unexpected token. Did you mean `{'}'}` or `&rbrace;`?
src/context/data-context.tsx(327,75): error TS17008: JSX element 'string' has no corresponding closing tag.
src/context/data-context.tsx(327,84): error TS1382: Unexpected token. Did you mean `{'>'}` or `&gt;`?
src/context/data-context.tsx(328,5): error TS1109: Expression expected.
src/context/data-context.tsx(329,43): error TS1382: Unexpected token. Did you mean `{'>'}` or `&gt;`?
src/context/data-context.tsx(331,25): error TS1005: '}' expected.
src/context/data-context.tsx(331,88): error TS1381: Unexpected token. Did you mean `{'}'}` or `&rbrace;`?
src/context/data-context.tsx(334,20): error TS1382: Unexpected token. Did you mean `{'>'}` or `&gt;`?
src/context/data-context.tsx(334,42): error TS1005: '}' expected.
src/context/data-context.tsx(334,52): error TS1381: Unexpected token. Did you mean `{'}'}` or `&rbrace;`?
src/context/data-context.tsx(337,3): error TS1381: Unexpected token. Did you mean `{'}'}` or `&rbrace;`?
src/context/data-context.tsx(352,6): error TS1382: Unexpected token. Did you mean `{'>'}` or `&gt;`?
src/context/data-context.tsx(353,5): error TS1109: Expression expected.
src/context/data-context.tsx(353,44): error TS1382: Unexpected token. Did you mean `{'>'}` or `&gt;`?
src/context/data-context.tsx(358,10): error TS1382: Unexpected token. Did you mean `{'>'}` or `&gt;`?
src/context/data-context.tsx(363,23): error TS1382: Unexpected token. Did you mean `{'>'}` or `&gt;`?
src/context/data-context.tsx(367,8): error TS1005: '}' expected.
src/context/data-context.tsx(368,5): error TS1381: Unexpected token. Did you mean `{'}'}` or `&rbrace;`?
src/context/data-context.tsx(370,7): error TS1109: Expression expected.
src/context/data-context.tsx(371,11): error TS1005: '}' expected.
src/context/data-context.tsx(378,7): error TS1381: Unexpected token. Did you mean `{'}'}` or `&rbrace;`?
src/context/data-context.tsx(380,5): error TS1381: Unexpected token. Did you mean `{'}'}` or `&rbrace;`?
src/context/data-context.tsx(383,51): error TS1382: Unexpected token. Did you mean `{'>'}` or `&gt;`?
src/context/data-context.tsx(384,7): error TS1109: Expression expected.
src/context/data-context.tsx(385,56): error TS1382: Unexpected token. Did you mean `{'>'}` or `&gt;`?
src/context/data-context.tsx(386,55): error TS1382: Unexpected token. Did you mean `{'>'}` or `&gt;`?
src/context/data-context.tsx(388,5): error TS1381: Unexpected token. Did you mean `{'}'}` or `&rbrace;`?
src/context/data-context.tsx(390,20): error TS1382: Unexpected token. Did you mean `{'>'}` or `&gt;`?
src/context/data-context.tsx(390,44): error TS1005: '}' expected.
src/context/data-context.tsx(390,91): error TS1381: Unexpected token. Did you mean `{'}'}` or `&rbrace;`?
src/context/data-context.tsx(396,7): error TS1109: Expression expected.
src/context/data-context.tsx(396,44): error TS1003: Identifier expected.
src/context/data-context.tsx(396,64): error TS1382: Unexpected token. Did you mean `{'>'}` or `&gt;`?
src/context/data-context.tsx(397,15): error TS1005: '}' expected.
src/context/data-context.tsx(402,7): error TS1381: Unexpected token. Did you mean `{'}'}` or `&rbrace;`?
src/context/data-context.tsx(404,5): error TS1381: Unexpected token. Did you mean `{'}'}` or `&rbrace;`?
src/context/data-context.tsx(405,3): error TS1381: Unexpected token. Did you mean `{'}'}` or `&rbrace;`?
src/context/data-context.tsx(407,65): error TS1382: Unexpected token. Did you mean `{'>'}` or `&gt;`?
src/context/data-context.tsx(408,5): error TS1109: Expression expected.
src/context/data-context.tsx(408,39): error TS1382: Unexpected token. Did you mean `{'>'}` or `&gt;`?
src/context/data-context.tsx(409,3): error TS1381: Unexpected token. Did you mean `{'}'}` or `&rbrace;`?
src/context/data-context.tsx(411,65): error TS1382: Unexpected token. Did you mean `{'>'}` or `&gt;`?
src/context/data-context.tsx(412,5): error TS1109: Expression expected.
src/context/data-context.tsx(412,39): error TS1382: Unexpected token. Did you mean `{'>'}` or `&gt;`?
src/context/data-context.tsx(413,3): error TS1381: Unexpected token. Did you mean `{'}'}` or `&rbrace;`?
src/context/data-context.tsx(418,81): error TS1003: Identifier expected.
src/context/data-context.tsx(418,101): error TS1382: Unexpected token. Did you mean `{'>'}` or `&gt;`?
src/context/data-context.tsx(418,105): error TS1382: Unexpected token. Did you mean `{'>'}` or `&gt;`?
src/context/data-context.tsx(419,5): error TS1109: Expression expected.
src/context/data-context.tsx(421,9): error TS1005: '}' expected.
src/context/data-context.tsx(423,5): error TS1381: Unexpected token. Did you mean `{'}'}` or `&rbrace;`?
src/context/data-context.tsx(425,20): error TS1382: Unexpected token. Did you mean `{'>'}` or `&gt;`?
src/context/data-context.tsx(425,47): error TS1005: '}' expected.
src/context/data-context.tsx(425,57): error TS1381: Unexpected token. Did you mean `{'}'}` or `&rbrace;`?
src/context/data-context.tsx(427,3): error TS1381: Unexpected token. Did you mean `{'}'}` or `&rbrace;`?
src/context/data-context.tsx(429,66): error TS1382: Unexpected token. Did you mean `{'>'}` or `&gt;`?
src/context/data-context.tsx(430,5): error TS1109: Expression expected.
src/context/data-context.tsx(430,48): error TS1382: Unexpected token. Did you mean `{'>'}` or `&gt;`?
src/context/data-context.tsx(431,33): error TS1005: '}' expected.
src/context/data-context.tsx(431,40): error TS1381: Unexpected token. Did you mean `{'}'}` or `&rbrace;`?
src/context/data-context.tsx(433,20): error TS1382: Unexpected token. Did you mean `{'>'}` or `&gt;`?
src/context/data-context.tsx(433,47): error TS1005: '}' expected.
src/context/data-context.tsx(433,57): error TS1381: Unexpected token. Did you mean `{'}'}` or `&rbrace;`?
src/context/data-context.tsx(435,3): error TS1381: Unexpected token. Did you mean `{'}'}` or `&rbrace;`?
src/context/data-context.tsx(437,62): error TS1382: Unexpected token. Did you mean `{'>'}` or `&gt;`?
src/context/data-context.tsx(438,5): error TS1109: Expression expected.
src/context/data-context.tsx(438,51): error TS1382: Unexpected token. Did you mean `{'>'}` or `&gt;`?
src/context/data-context.tsx(439,20): error TS1382: Unexpected token. Did you mean `{'>'}` or `&gt;`?
src/context/data-context.tsx(439,47): error TS1005: '}' expected.
src/context/data-context.tsx(439,57): error TS1381: Unexpected token. Did you mean `{'}'}` or `&rbrace;`?
src/context/data-context.tsx(441,3): error TS1381: Unexpected token. Did you mean `{'}'}` or `&rbrace;`?
src/context/data-context.tsx(443,56): error TS1382: Unexpected token. Did you mean `{'>'}` or `&gt;`?
src/context/data-context.tsx(444,5): error TS1109: Expression expected.
src/context/data-context.tsx(444,42): error TS1382: Unexpected token. Did you mean `{'>'}` or `&gt;`?
src/context/data-context.tsx(445,3): error TS1381: Unexpected token. Did you mean `{'}'}` or `&rbrace;`?
src/context/data-context.tsx(450,46): error TS1382: Unexpected token. Did you mean `{'>'}` or `&gt;`?
src/context/data-context.tsx(451,5): error TS1109: Expression expected.
src/context/data-context.tsx(451,52): error TS1382: Unexpected token. Did you mean `{'>'}` or `&gt;`?
src/context/data-context.tsx(452,53): error TS1382: Unexpected token. Did you mean `{'>'}` or `&gt;`?
src/context/data-context.tsx(453,52): error TS1382: Unexpected token. Did you mean `{'>'}` or `&gt;`?
src/context/data-context.tsx(454,50): error TS1382: Unexpected token. Did you mean `{'>'}` or `&gt;`?
src/context/data-context.tsx(456,34): error TS1382: Unexpected token. Did you mean `{'>'}` or `&gt;`?
src/context/data-context.tsx(464,15): error TS1005: '}' expected.
src/context/data-context.tsx(464,38): error TS1382: Unexpected token. Did you mean `{'>'}` or `&gt;`?
src/context/data-context.tsx(465,9): error TS1109: Expression expected.
src/context/data-context.tsx(465,61): error TS1382: Unexpected token. Did you mean `{'>'}` or `&gt;`?
src/context/data-context.tsx(467,58): error TS1382: Unexpected token. Did you mean `{'>'}` or `&gt;`?
src/context/data-context.tsx(469,19): error TS1005: '}' expected.
src/context/data-context.tsx(474,39): error TS1382: Unexpected token. Did you mean `{'>'}` or `&gt;`?
src/context/data-context.tsx(475,9): error TS1381: Unexpected token. Did you mean `{'}'}` or `&rbrace;`?
src/context/data-context.tsx(476,7): error TS1381: Unexpected token. Did you mean `{'}'}` or `&rbrace;`?
src/context/data-context.tsx(478,5): error TS1381: Unexpected token. Did you mean `{'}'}` or `&rbrace;`?
src/context/data-context.tsx(480,20): error TS1382: Unexpected token. Did you mean `{'>'}` or `&gt;`?
src/context/data-context.tsx(480,39): error TS1005: '}' expected.
src/context/data-context.tsx(480,50): error TS1381: Unexpected token. Did you mean `{'}'}` or `&rbrace;`?
src/context/data-context.tsx(482,3): error TS1381: Unexpected token. Did you mean `{'}'}` or `&rbrace;`?
src/context/data-context.tsx(487,49): error TS1382: Unexpected token. Did you mean `{'>'}` or `&gt;`?
src/context/data-context.tsx(497,7): error TS1005: '}' expected.
src/context/data-context.tsx(507,3): error TS1381: Unexpected token. Did you mean `{'}'}` or `&rbrace;`?
src/context/data-context.tsx(510,29): error TS1382: Unexpected token. Did you mean `{'>'}` or `&gt;`?
src/context/data-context.tsx(533,3): error TS1109: Expression expected.
src/context/data-context.tsx(549,1): error TS1381: Unexpected token. Did you mean `{'}'}` or `&rbrace;`?
src/context/data-context.tsx(550,1): error TS1005: '</' expected.
